{
  "version": "1.5.0",
  "plugins_used": [
    {
      "name": "ArtifactoryDetector"
    },
    {
      "name": "AWSKeyDetector"
    },
    {
      "name": "AzureStorageKeyDetector"
    },
    {
      "name": "Base64HighEntropyString",
      "limit": 4.5
    },
    {
      "name": "BasicAuthDetector"
    },
    {
      "name": "CloudantDetector"
    },
    {
      "name": "DiscordBotTokenDetector"
    },
    {
      "name": "GitHubTokenDetector"
    },
    {
      "name": "GitLabTokenDetector"
    },
    {
      "name": "HexHighEntropyString",
      "limit": 3.0
    },
    {
      "name": "IbmCloudIamDetector"
    },
    {
      "name": "IbmCosHmacDetector"
    },
    {
      "name": "IPPublicDetector"
    },
    {
      "name": "JwtTokenDetector"
    },
    {
      "name": "KeywordDetector",
      "keyword_exclude": ""
    },
    {
      "name": "MailchimpDetector"
    },
    {
      "name": "NpmDetector"
    },
    {
      "name": "OpenAIDetector"
    },
    {
      "name": "PrivateKeyDetector"
    },
    {
      "name": "PypiTokenDetector"
    },
    {
      "name": "SendGridDetector"
    },
    {
      "name": "SlackDetector"
    },
    {
      "name": "SoftlayerDetector"
    },
    {
      "name": "SquareOAuthDetector"
    },
    {
      "name": "StripeDetector"
    },
    {
      "name": "TelegramBotTokenDetector"
    },
    {
      "name": "TwilioKeyDetector"
    }
  ],
  "filters_used": [
    {
      "path": "detect_secrets.filters.allowlist.is_line_allowlisted"
    },
    {
      "path": "detect_secrets.filters.common.is_baseline_file",
      "filename": ".secrets.baseline"
    },
    {
      "path": "detect_secrets.filters.common.is_ignored_due_to_verification_policies",
      "min_level": 2
    },
    {
      "path": "detect_secrets.filters.heuristic.is_indirect_reference"
    },
    {
      "path": "detect_secrets.filters.heuristic.is_likely_id_string"
    },
    {
      "path": "detect_secrets.filters.heuristic.is_lock_file"
    },
    {
      "path": "detect_secrets.filters.heuristic.is_not_alphanumeric_string"
    },
    {
      "path": "detect_secrets.filters.heuristic.is_potential_uuid"
    },
    {
      "path": "detect_secrets.filters.heuristic.is_prefixed_with_dollar_sign"
    },
    {
      "path": "detect_secrets.filters.heuristic.is_sequential_string"
    },
    {
      "path": "detect_secrets.filters.heuristic.is_swagger_file"
    },
    {
      "path": "detect_secrets.filters.heuristic.is_templated_secret"
    }
  ],
  "results": {
    ".github/workflows/ci.yml": [
      {
        "type": "Secret Keyword",
        "filename": ".github/workflows/ci.yml",
        "hashed_secret": "3e26d6750975d678acb8fa35a0f69237881576b0",
        "is_verified": false,
        "line_number": 30
      }
    ],
    "backend/tests/test_audit.py": [
      {
        "type": "Secret Keyword",
        "filename": "backend/tests/test_audit.py",
        "hashed_secret": "b53903338d7c7940ca1443a5d3d4be97ed9aa8f1",
        "is_verified": false,
        "line_number": 10
      }
    ],
    "backend/tests/test_auth_protection.py": [
      {
        "type": "Secret Keyword",
        "filename": "backend/tests/test_auth_protection.py",
        "hashed_secret": "cbfdac6008f9cab4083784cbd1874f76618d2a97",
        "is_verified": false,
        "line_number": 20
      }
    ],
    "backend/tests/test_blueprint_sync.py": [
      {
        "type": "Secret Keyword",
        "filename": "backend/tests/test_blueprint_sync.py",
        "hashed_secret": "56941facc1eea194c2db9a2c840d21a44dc35700",
        "is_verified": false,
        "line_number": 122
      }
    ],
    "backend/tests/test_rate_limit.py": [
      {
        "type": "Secret Keyword",
        "filename": "backend/tests/test_rate_limit.py",
        "hashed_secret": "1725a6054a793258c80c12f02227af498f8f5e9d",
        "is_verified": false,
        "line_number": 11
      },
      {
        "type": "Secret Keyword",
        "filename": "backend/tests/test_rate_limit.py",
        "hashed_secret": "b53903338d7c7940ca1443a5d3d4be97ed9aa8f1",
        "is_verified": false,
        "line_number": 38
      }
    ],
    "docs/superpowers/plans/2026-06-22-sfm-l9-sav-diff.md": [
      {
        "type": "Secret Keyword",
        "filename": "docs/superpowers/plans/2026-06-22-sfm-l9-sav-diff.md",
        "hashed_secret": "b53903338d7c7940ca1443a5d3d4be97ed9aa8f1",
        "is_verified": false,
        "line_number": 454
      }
    ],
    "tests/e2e/specs/_setup-bypass.ts": [
      {
        "type": "Secret Keyword",
        "filename": "tests/e2e/specs/_setup-bypass.ts",
        "hashed_secret": "d9694fb56695ebcc47b7e28dfd885e202d1da4a2",
        "is_verified": false,
        "line_number": 22
      }
    ],
    "tests/e2e/specs/auth.spec.ts": [
      {
        "type": "Secret Keyword",
        "filename": "tests/e2e/specs/auth.spec.ts",
        "hashed_secret": "d9694fb56695ebcc47b7e28dfd885e202d1da4a2",
        "is_verified": false,
        "line_number": 24
      }
    ]
  },
  "generated_at": "2026-07-31T15:30:56Z"
}
